15:20:29 **** Auto Build of configuration Debug for project test ****
make all 
'Building file: ../src/helloworld.c'
'Invoking: ARM gcc compiler'
arm-xilinx-eabi-gcc -Wall -O0 -g3 -c -fmessage-length=0 -MT"src/helloworld.o" -I../../test_bsp/ps7_cortexa9_0/include -MMD -MP -MF"src/helloworld.d" -MT"src/helloworld.d" -o "src/helloworld.o" "../src/helloworld.c"
../src/helloworld.c: In function 'main':
../src/helloworld.c:53:6: warning: implicit declaration of function 'xil_printf' [-Wimplicit-function-declaration]
      xil_printf("go");
      ^
../src/helloworld.c:56:6: warning: implicit declaration of function 'Xil_Out32' [-Wimplicit-function-declaration]
      Xil_Out32(0x43C10000, 0x5F5E100);
      ^
../src/helloworld.c:65:6: warning: implicit declaration of function 'Xil_In32' [-Wimplicit-function-declaration]
      data = Xil_In32(0x43C00000);
      ^
'Finished building: ../src/helloworld.c'
' '
'Building target: test.elf'
'Invoking: ARM gcc linker'
arm-xilinx-eabi-gcc -Wl,-T -Wl,../src/lscript.ld -L../../test_bsp/ps7_cortexa9_0/lib -o "test.elf"  ./src/helloworld.o ./src/platform.o   -Wl,--start-group,-lxil,-lgcc,-lc,--end-group
'Finished building target: test.elf'
' '
'Invoking: ARM Print Size'
arm-xilinx-eabi-size test.elf  |tee "test.elf.size"
   text	   data	    bss	    dec	    hex	filename
  25240	   1152	  22564	  48956	   bf3c	test.elf
'Finished building: test.elf.size'
' '

15:20:29 Build Finished (took 719ms)

